../Core/Src/main.c:83:6:serial_print	16	static
../Core/Src/main.c:88:6:write_register	24	static
../Core/Src/main.c:99:9:read_register	24	static
../Core/Src/main.c:118:5:main	16	static
../Core/Src/main.c:257:6:SystemClock_Config	88	static
../Core/Src/main.c:303:13:MX_CRC_Init	8	static
../Core/Src/main.c:329:13:MX_DMA2D_Init	8	static
../Core/Src/main.c:366:13:MX_I2C3_Init	8	static
../Core/Src/main.c:414:13:MX_LTDC_Init	64	static
../Core/Src/main.c:476:13:MX_SPI5_Init	8	static
../Core/Src/main.c:514:13:MX_TIM1_Init	32	static
../Core/Src/main.c:560:13:MX_USART1_UART_Init	8	static
../Core/Src/main.c:593:13:MX_USB_OTG_HS_HCD_Init	8	static
../Core/Src/main.c:623:13:MX_FMC_Init	40	static
../Core/Src/main.c:674:13:MX_GPIO_Init	64	static
../Core/Src/main.c:782:6:HAL_TIM_PeriodElapsedCallback	16	static
../Core/Src/main.c:800:6:Error_Handler	4	static,ignoring_inline_asm
