../Core/Src/stm32f4xx_hal_msp.c:63:6:HAL_MspInit	16	static
../Core/Src/stm32f4xx_hal_msp.c:86:6:HAL_CRC_MspInit	24	static
../Core/Src/stm32f4xx_hal_msp.c:109:6:HAL_CRC_MspDeInit	16	static
../Core/Src/stm32f4xx_hal_msp.c:131:6:HAL_DMA2D_MspInit	24	static
../Core/Src/stm32f4xx_hal_msp.c:157:6:HAL_DMA2D_MspDeInit	16	static
../Core/Src/stm32f4xx_hal_msp.c:182:6:HAL_I2C_MspInit	48	static
../Core/Src/stm32f4xx_hal_msp.c:227:6:HAL_I2C_MspDeInit	16	static
../Core/Src/stm32f4xx_hal_msp.c:258:6:HAL_LTDC_MspInit	112	static
../Core/Src/stm32f4xx_hal_msp.c:386:6:HAL_LTDC_MspDeInit	16	static
../Core/Src/stm32f4xx_hal_msp.c:450:6:HAL_SPI_MspInit	48	static
../Core/Src/stm32f4xx_hal_msp.c:488:6:HAL_SPI_MspDeInit	16	static
../Core/Src/stm32f4xx_hal_msp.c:518:6:HAL_TIM_Base_MspInit	24	static
../Core/Src/stm32f4xx_hal_msp.c:541:6:HAL_TIM_Base_MspDeInit	16	static
../Core/Src/stm32f4xx_hal_msp.c:563:6:HAL_UART_MspInit	48	static
../Core/Src/stm32f4xx_hal_msp.c:600:6:HAL_UART_MspDeInit	16	static
../Core/Src/stm32f4xx_hal_msp.c:629:6:HAL_HCD_MspInit	48	static
../Core/Src/stm32f4xx_hal_msp.c:676:6:HAL_HCD_MspDeInit	16	static
../Core/Src/stm32f4xx_hal_msp.c:705:13:HAL_FMC_MspInit	32	static
../Core/Src/stm32f4xx_hal_msp.c:811:6:HAL_SDRAM_MspInit	16	static
../Core/Src/stm32f4xx_hal_msp.c:823:13:HAL_FMC_MspDeInit	8	static
../Core/Src/stm32f4xx_hal_msp.c:897:6:HAL_SDRAM_MspDeInit	16	static
