../Drivers/BSP/Adafruit_Shield/stm32_adafruit_sd.c:269:9:BSP_SD_Init	8	static
../Drivers/BSP/Adafruit_Shield/stm32_adafruit_sd.c:289:9:BSP_SD_GetCardInfo	24	static
../Drivers/BSP/Adafruit_Shield/stm32_adafruit_sd.c:324:9:BSP_SD_ReadBlocks	64	static
../Drivers/BSP/Adafruit_Shield/stm32_adafruit_sd.c:409:9:BSP_SD_WriteBlocks	64	static
../Drivers/BSP/Adafruit_Shield/stm32_adafruit_sd.c:494:9:BSP_SD_Erase	48	static
../Drivers/BSP/Adafruit_Shield/stm32_adafruit_sd.c:531:9:BSP_SD_GetCardState	24	static
../Drivers/BSP/Adafruit_Shield/stm32_adafruit_sd.c:556:9:SD_GetCSDRegister	64	static
../Drivers/BSP/Adafruit_Shield/stm32_adafruit_sd.c:670:9:SD_GetCIDRegister	56	static
../Drivers/BSP/Adafruit_Shield/stm32_adafruit_sd.c:763:22:SD_SendCmd	48	static
../Drivers/BSP/Adafruit_Shield/stm32_adafruit_sd.c:828:9:SD_GetDataResponse	16	static
../Drivers/BSP/Adafruit_Shield/stm32_adafruit_sd.c:870:9:SD_GoIdleState	40	static
../Drivers/BSP/Adafruit_Shield/stm32_adafruit_sd.c:972:9:SD_ReadData	16	static
../Drivers/BSP/Adafruit_Shield/stm32_adafruit_sd.c:993:9:SD_WaitData	24	static
