../Drivers/BSP/Components/st7789h2/st7789h2.c:113:6:ST7789H2_Init	24	static
../Drivers/BSP/Components/st7789h2/st7789h2.c:248:6:ST7789H2_SetOrientation	24	static
../Drivers/BSP/Components/st7789h2/st7789h2.c:290:6:ST7789H2_DisplayOn	8	static
../Drivers/BSP/Components/st7789h2/st7789h2.c:304:6:ST7789H2_DisplayOff	16	static
../Drivers/BSP/Components/st7789h2/st7789h2.c:321:10:ST7789H2_GetLcdPixelWidth	4	static
../Drivers/BSP/Components/st7789h2/st7789h2.c:331:10:ST7789H2_GetLcdPixelHeight	4	static
../Drivers/BSP/Components/st7789h2/st7789h2.c:341:10:ST7789H2_ReadID	8	static
../Drivers/BSP/Components/st7789h2/st7789h2.c:354:6:ST7789H2_SetCursor	24	static
../Drivers/BSP/Components/st7789h2/st7789h2.c:378:6:ST7789H2_WritePixel	16	static
../Drivers/BSP/Components/st7789h2/st7789h2.c:396:10:ST7789H2_ReadPixel	32	static
../Drivers/BSP/Components/st7789h2/st7789h2.c:425:6:ST7789H2_WriteReg	24	static
../Drivers/BSP/Components/st7789h2/st7789h2.c:444:9:ST7789H2_ReadReg	16	static
../Drivers/BSP/Components/st7789h2/st7789h2.c:464:6:ST7789H2_SetDisplayWindow	16	static
../Drivers/BSP/Components/st7789h2/st7789h2.c:511:6:ST7789H2_DrawHLine	32	static
../Drivers/BSP/Components/st7789h2/st7789h2.c:536:6:ST7789H2_DrawVLine	32	static
../Drivers/BSP/Components/st7789h2/st7789h2.c:560:6:ST7789H2_DrawBitmap	40	static
../Drivers/BSP/Components/st7789h2/st7789h2.c:597:6:ST7789H2_DrawRGBImage	32	static
../Drivers/BSP/Components/st7789h2/st7789h2.c:624:24:ST7789H2_ReadPixel_rgb888	32	static
../Drivers/BSP/Components/st7789h2/st7789h2.c:667:13:ST7789H2_DrawRGBHLine	40	static
