../Drivers/BSP/Components/lsm303dlhc/lsm303dlhc.c:91:6:LSM303DLHC_AccInit	24	static
../Drivers/BSP/Components/lsm303dlhc/lsm303dlhc.c:112:6:LSM303DLHC_AccDeInit	4	static
../Drivers/BSP/Components/lsm303dlhc/lsm303dlhc.c:121:9:LSM303DLHC_AccReadID	16	static
../Drivers/BSP/Components/lsm303dlhc/lsm303dlhc.c:139:6:LSM303DLHC_AccRebootCmd	16	static
../Drivers/BSP/Components/lsm303dlhc/lsm303dlhc.c:158:6:LSM303DLHC_AccFilterConfig	24	static
../Drivers/BSP/Components/lsm303dlhc/lsm303dlhc.c:180:6:LSM303DLHC_AccFilterCmd	24	static
../Drivers/BSP/Components/lsm303dlhc/lsm303dlhc.c:200:6:LSM303DLHC_AccReadXYZ	40	static
../Drivers/BSP/Components/lsm303dlhc/lsm303dlhc.c:269:6:LSM303DLHC_AccFilterClickCmd	24	static
../Drivers/BSP/Components/lsm303dlhc/lsm303dlhc.c:297:6:LSM303DLHC_AccIT1Enable	24	static
../Drivers/BSP/Components/lsm303dlhc/lsm303dlhc.c:324:6:LSM303DLHC_AccIT1Disable	24	static
../Drivers/BSP/Components/lsm303dlhc/lsm303dlhc.c:350:6:LSM303DLHC_AccIT2Enable	24	static
../Drivers/BSP/Components/lsm303dlhc/lsm303dlhc.c:376:6:LSM303DLHC_AccIT2Disable	24	static
../Drivers/BSP/Components/lsm303dlhc/lsm303dlhc.c:396:6:LSM303DLHC_AccINT1InterruptEnable	24	static
../Drivers/BSP/Components/lsm303dlhc/lsm303dlhc.c:416:6:LSM303DLHC_AccINT1InterruptDisable	24	static
../Drivers/BSP/Components/lsm303dlhc/lsm303dlhc.c:436:6:LSM303DLHC_AccINT2InterruptEnable	24	static
../Drivers/BSP/Components/lsm303dlhc/lsm303dlhc.c:456:6:LSM303DLHC_AccINT2InterruptDisable	24	static
../Drivers/BSP/Components/lsm303dlhc/lsm303dlhc.c:475:6:LSM303DLHC_AccClickITEnable	24	static
../Drivers/BSP/Components/lsm303dlhc/lsm303dlhc.c:509:6:LSM303DLHC_AccClickITDisable	24	static
../Drivers/BSP/Components/lsm303dlhc/lsm303dlhc.c:528:6:LSM303DLHC_AccZClickITConfig	8	static
