../Drivers/BSP/Components/ls016b8uy/ls016b8uy.c:113:6:ls016b8uy_Init	16	static
../Drivers/BSP/Components/ls016b8uy/ls016b8uy.c:189:6:ls016b8uy_DisplayOn	8	static
../Drivers/BSP/Components/ls016b8uy/ls016b8uy.c:200:6:ls016b8uy_DisplayOff	8	static
../Drivers/BSP/Components/ls016b8uy/ls016b8uy.c:213:10:ls016b8uy_GetLcdPixelWidth	4	static
../Drivers/BSP/Components/ls016b8uy/ls016b8uy.c:223:10:ls016b8uy_GetLcdPixelHeight	4	static
../Drivers/BSP/Components/ls016b8uy/ls016b8uy.c:233:10:ls016b8uy_ReadID	8	static
../Drivers/BSP/Components/ls016b8uy/ls016b8uy.c:246:6:ls016b8uy_SetCursor	24	static
../Drivers/BSP/Components/ls016b8uy/ls016b8uy.c:269:6:ls016b8uy_WritePixel	32	static
../Drivers/BSP/Components/ls016b8uy/ls016b8uy.c:299:10:ls016b8uy_ReadPixel	32	static
../Drivers/BSP/Components/ls016b8uy/ls016b8uy.c:328:6:ls016b8uy_WriteReg	24	static
../Drivers/BSP/Components/ls016b8uy/ls016b8uy.c:347:9:ls016b8uy_ReadReg	16	static
../Drivers/BSP/Components/ls016b8uy/ls016b8uy.c:367:6:ls016b8uy_SetDisplayWindow	16	static
../Drivers/BSP/Components/ls016b8uy/ls016b8uy.c:414:6:ls016b8uy_DrawHLine	40	static
../Drivers/BSP/Components/ls016b8uy/ls016b8uy.c:455:6:ls016b8uy_DrawVLine	32	static
../Drivers/BSP/Components/ls016b8uy/ls016b8uy.c:479:6:ls016b8uy_DrawBitmap	40	static
../Drivers/BSP/Components/ls016b8uy/ls016b8uy.c:516:6:ls016b8uy_DrawRGBImage	32	static
../Drivers/BSP/Components/ls016b8uy/ls016b8uy.c:542:25:ls016b8uy_ReadPixel_rgb888	32	static
../Drivers/BSP/Components/ls016b8uy/ls016b8uy.c:584:13:ls016b8uy_DrawRGBHLine	48	static
